// Jest Snapshot v1, https://goo.gl/fbAQLP

exports[`test DefaultLayoutProtected component should renders without crashing 1`] = `null`;
