// Jest Snapshot v1, https://goo.gl/fbAQLP

exports[`test LivroConteiner component should renders without crashing  1`] = `
<div>
  <h1>
    Novo Livro
  </h1>
  <label
    htmlFor="livroTitulo"
  >
    Titulo: 
  </label>
  <input
    id="livroTitulo"
    name="titulo"
  />
  <br />
  <label
    htmlFor="livroIsbn"
  >
    ISBN: 
  </label>
  <input
    id="livroIsbn"
    name="isbn"
  />
</div>
`;
