// Jest Snapshot v1, https://goo.gl/fbAQLP

exports[`test Livro component renders without crashing 1`] = `""`;
