// Jest Snapshot v1, https://goo.gl/fbAQLP

exports[`test VendaContainer component should renders without crashing  1`] = `
<div>
  <h1>
    Vendas
  </h1>
  <div>
    Loading Chart
  </div>
</div>
`;
