// Jest Snapshot v1, https://goo.gl/fbAQLP

exports[`test livroForm component should renders without crashing 1`] = `
<div>
  <form
    onSubmit={[Function]}
  >
    <label
      htmlFor="livroTitulo"
    >
      Titulo: 
    </label>
    <input
      id="livroTitulo"
      name="titulo"
      onChange={[Function]}
      value=""
    />
    <br />
    <label
      htmlFor="livroIsbn"
    >
      ISBN: 
    </label>
    <input
      id="livroIsbn"
      name="isbn"
      onChange={[Function]}
      value=""
    />
    <br />
    <label
      htmlFor="livroPreco"
    >
      Preço: 
    </label>
    <input
      id="livroPreco"
      name="preco"
      onChange={[Function]}
      value={0}
    />
    <br />
    <label
      htmlFor="livroDataLancamento"
    >
      Data de Lançamento: 
    </label>
    <input
      id="livroDataLancamento"
      name="dataLancamento"
      onChange={[Function]}
      value=""
    />
    <br />
    <label
      htmlFor="livroAutores"
    >
      Selecione o Autor: 
    </label>
    <select
      id="livroAutores"
      name="selectAutor"
      onChange={[Function]}
      value=""
    >
      <option
        value=""
      >
        Selecione
      </option>
      <option
        value={0}
      >
        fulano
      </option>
      <option
        value={1}
      >
        ciclano
      </option>
    </select>
    <button
      id="btnAddAutor"
      onClick={[Function]}
      type="button"
    >
      Adicionar Autor
    </button>
    <br />
    <label>
      Autores: 
    </label>
    <ul />
    <br />
    <button
      disabled={true}
      id="btnGravar"
      type="submit"
    >
      Gravar Livro
    </button>
  </form>
</div>
`;
